
一、把文件添加到版本库
	1、添加到版本库的暂缓区（stage/index），用git add命令 (例子：git add Git)

	2、提交到版本库的暂缓区（stage/index），用git commit -m "some msg"命令 (例子：git commit -m "add Git file")
	------------------------------------------------------------------------------------
	  F:\TestProjection\learngit>git commit -m "add Git file"
							 [master (root-commit) 7e71d95] add Git file
							 1 file changed, 0 insertions(+), 0 deletions(-)
							 create mode 100644 Git
	------------------------------------------------------------------------------------

二、查看状态(git status )

	情况一：没有东西需要提交，而且工作目录是干净的
		------------------------------------------------------------------------------------
	   On branch master
	   Your branch is up to date with 'origin/master'.

	   nothing to commit, working tree clean
		------------------------------------------------------------------------------------ 
	  
	情况二：【Changes not staged for commit】表示还没被添加到暂缓区
		------------------------------------------------------------------------------------
		On branch master
		Your branch is up to date with 'origin/master'.

		Changes not staged for commit:
		  (use "git add <file>..." to update what will be committed)
		  (use "git checkout -- <file>..." to discard changes in working directory)

				modified:   Git

		no changes added to commit (use "git add" and/or "git commit -a")
		------------------------------------------------------------------------------------

	情况三：【Changes to be committed】，表示已经添加到暂缓区了，正在准备被提交（commit）。
		------------------------------------------------------------------------------------
		On branch master
		Your branch is up to date with 'origin/master'.

		Changes to be committed:
		  (use "git reset HEAD <file>..." to unstage)

				modified:   Git
		------------------------------------------------------------------------------------

三、提交修改(git add & git commit -m "**")

	1、 将文件添加到暂缓区(git add 'file')

	2、 提交commit (git commit -m "***")
		------------------------------------------------------------------------------------
		F:\TestProjection\learngit>git commit -m "update Git file"
		[master 4983b4f] update Git file
		 1 file changed, 64 insertions(+)
		------------------------------------------------------------------------------------
		
四、版本回退
 
1、查看提交记录(git log /git log --pretty=online)
	 -----------------------------------------------------------------------------
	 F:\TestProjection\learngit>git log --pretty=oneline
		c9e97d39de7b14c170adfe269c0f506c874515f6 (HEAD -> master, origin/master) update Git file
		4983b4f08832fd483feb469f823aea9879f907d4 update Git file
		7e71d9508684ade9b247d44f5910d7ecb77b31c4 add Git file
	 -----------------------------------------------------------------------------
	说明："c9e97...74515f6"是commit id，版本号，和SVN不一样，Git的commit id不是1,2,3递增的数字，
		而是一个SHA1计算出来的一个非常大的数字，用十六进制表示。为什么commit id需要用这么一大串数字表示呢？
		因为Git是分布式的版本控制系统

2、回退版本命令
  2.1: git reset --hard commit_id（id前7位）
  2.2: git reset --hard HEAD^
  说明：HEAD表示当前版本，上一个版本就是HEAD^，上上一个版本就是HEAD^^，
		当然往上100个版本写100个^比较容易数不过来，所以写成HEAD~100







